> stable-or-gone@0.0.1 validate:classification
> node scripts/validate-stablecoin-classification-v2.mjs

Stablecoin Registry v2 classification validation passed: 80 classifications for 80 stablecoins, 2 extension overlays.

> stable-or-gone@0.0.1 validate:profiles
> node scripts/validate-stablecoin-profiles-v2.mjs

Stablecoin Registry v2 profile validation passed: 80 profiles for 80 stablecoins.

> stable-or-gone@0.0.1 validate:events-v2
> node scripts/validate-event-details-v2.mjs

Stablecoin event v2 validation passed: 107 overlays for 107 events.

> stable-or-gone@0.0.1 validate:evidence-relations-v2
> node scripts/validate-evidence-relations-v2.mjs

Evidence v2 relation validation passed: 327 evidence rows projected into relation arrays.

> stable-or-gone@0.0.1 validate:v3
> node scripts/validate-registry-v3-foundation.mjs

Registry v3 foundation validation passed: 80 legal profiles, 4 asset relationships, 112 reserve components, 111 deployments checked.

> stable-or-gone@0.0.1 validate:deployments-v3
> node scripts/validate-registry-v3-deployments.mjs

Registry v3 deployment validation passed: 111 deployments, 44 explicit canonicality values, 67 defaulted to unknown.

> stable-or-gone@0.0.1 validate:income-v3
> node scripts/validate-registry-v3-income-profiles.mjs

Registry v3 income profile validation passed: 80 profiles, 80 with at least one resolved mechanics field.

> stable-or-gone@0.0.1 validate:final
> node scripts/validate-registry-v2-final.mjs

Registry v2 final validation passed: 80 stablecoins, 107 events, 327 evidence records.

> stable-or-gone@0.0.1 validate:finalization
> npm run validate:migration-v3 && node scripts/validate-batch-finalization.mjs


> stable-or-gone@0.0.1 validate:migration-v3
> node scripts/validate-registry-v3-migration-audit.mjs

Registry v3 migration audit passed: 80 protected assets, 80 legal profiles, 4 relationships, 112 reserve components, 111 deployments, 80 income profiles.
Batch finalization validation passed: 80 stablecoins, 80 promoted candidates, 107 events, 327 evidence records, 80 legal profiles, 4 asset relationships, 112 reserve components.

> stable-or-gone@0.0.1 validate:integrity
> node scripts/audit-registry-integrity.mjs --check

Registry integrity audit: 0 critical, 0 warnings, 5 observations.
[2m20:34:08[22m [34m[types][39m Generated [2m144ms[22m
[2m20:34:08[22m [34m[check][39m Getting diagnostics for Astro files in /home/runner/work/stable-or-gone/stable-or-gone...
[96msrc/layouts/BaseLayout.astro[0m:[93m56[0m:[93m32[0m - [93mwarning[0m[90m astro(4000): [0mThis script will be treated as if it has the `is:inline` directive because it contains an attribute. Therefore, features that require processing (e.g. using TypeScript or npm packages in the script) are unavailable.

See docs for more details: https://docs.astro.build/en/guides/client-side-scripts/#script-processing.

Add the `is:inline` directive explicitly to silence this hint.

[7m56[0m     {structuredData && <script type="application/ld+json" set:html={structuredData} />}
[7m  [0m [93m                               ~~~~[0m
[96msrc/layouts/BaseLayout.astro[0m:[93m55[0m:[93m26[0m - [93mwarning[0m[90m astro(4000): [0mThis script will be treated as if it has the `is:inline` directive because it contains an attribute. Therefore, features that require processing (e.g. using TypeScript or npm packages in the script) are unavailable.

See docs for more details: https://docs.astro.build/en/guides/client-side-scripts/#script-processing.

Add the `is:inline` directive explicitly to silence this hint.

[7m55[0m     {gaInline && <script set:html={gaInline} />}
[7m  [0m [93m                         ~~~~~~~~[0m
[96msrc/layouts/BaseLayout.astro[0m:[93m54[0m:[93m29[0m - [93mwarning[0m[90m astro(4000): [0mThis script will be treated as if it has the `is:inline` directive because it contains an attribute. Therefore, features that require processing (e.g. using TypeScript or npm packages in the script) are unavailable.

See docs for more details: https://docs.astro.build/en/guides/client-side-scripts/#script-processing.

Add the `is:inline` directive explicitly to silence this hint.

[7m54[0m     {gaLoaderUrl && <script async src={gaLoaderUrl}></script>}
[7m  [0m [93m                            ~~~~~[0m

[96msrc/lib/data/registry.ts[0m:[93m55[0m:[93m38[0m - [91merror[0m[90m ts(2307): [0mCannot find module '../../../data/reserve-reports-batch-l.json reserve-reports-batch-m-a.json reserve-reports-batch-m-b.json' or its corresponding type declarations.

[7m55[0m import reserveReportsBatchLData from '../../../data/reserve-reports-batch-l.json reserve-reports-batch-m-a.json reserve-reports-batch-m-b.json';
[7m  [0m [91m                                     ~~~~~~~~~~~~~~~~~~~~~~~~~~~~~~~~~~~~~~~~~~~~~~~~~~~~~~~~~~~~~~~~~~~~~~~~~~~~~~~~~~~~~~~~~~~~~~~~~~~~~~~~~~[0m
[96msrc/lib/data/registry.ts[0m:[93m39[0m:[93m37[0m - [91merror[0m[90m ts(2307): [0mCannot find module '../../../data/relationships-batch-l.json relationships-batch-m.json' or its corresponding type declarations.

[7m39[0m import relationshipsBatchLData from '../../../data/relationships-batch-l.json relationships-batch-m.json';
[7m  [0m [91m                                    ~~~~~~~~~~~~~~~~~~~~~~~~~~~~~~~~~~~~~~~~~~~~~~~~~~~~~~~~~~~~~~~~~~~~~[0m
[96msrc/lib/data/registry.ts[0m:[93m36[0m:[93m37[0m - [91merror[0m[90m ts(2307): [0mCannot find module '../../../data/organizations-batch-l.json organizations-batch-m.json' or its corresponding type declarations.

[7m36[0m import organizationsBatchLData from '../../../data/organizations-batch-l.json organizations-batch-m.json';
[7m  [0m [91m                                    ~~~~~~~~~~~~~~~~~~~~~~~~~~~~~~~~~~~~~~~~~~~~~~~~~~~~~~~~~~~~~~~~~~~~~[0m
[96msrc/lib/data/registry.ts[0m:[93m33[0m:[93m48[0m - [91merror[0m[90m ts(2307): [0mCannot find module '../../../data/stablecoin-classification-batch-l.json stablecoin-classification-batch-m.json' or its corresponding type declarations.

[7m33[0m import stablecoinClassificationBatchLData from '../../../data/stablecoin-classification-batch-l.json stablecoin-classification-batch-m.json';
[7m  [0m [91m                                               ~~~~~~~~~~~~~~~~~~~~~~~~~~~~~~~~~~~~~~~~~~~~~~~~~~~~~~~~~~~~~~~~~~~~~~~~~~~~~~~~~~~~~~~~~~~~~[0m
[96msrc/lib/data/registry.ts[0m:[93m30[0m:[93m35[0m - [91merror[0m[90m ts(2307): [0mCannot find module '../../../data/stablecoins-batch-l.json stablecoins-batch-m.json' or its corresponding type declarations.

[7m30[0m import stablecoinsBatchLData from '../../../data/stablecoins-batch-l.json stablecoins-batch-m.json';
[7m  [0m [91m                                  ~~~~~~~~~~~~~~~~~~~~~~~~~~~~~~~~~~~~~~~~~~~~~~~~~~~~~~~~~~~~~~~~~[0m
[96msrc/lib/data/registry.ts[0m:[93m25[0m:[93m3[0m - [93mwarning[0m[90m ts(6196): [0m'RegistryUpdateRow' is declared but never used.

[7m25[0m   RegistryUpdateRow
[7m  [0m [93m  ~~~~~~~~~~~~~~~~~[0m
[96msrc/lib/data/registry.ts[0m:[93m23[0m:[93m3[0m - [93mwarning[0m[90m ts(6196): [0m'RegulatoryNoteRow' is declared but never used.

[7m23[0m   RegulatoryNoteRow,
[7m  [0m [93m  ~~~~~~~~~~~~~~~~~[0m

[96msrc/pages/support/index.astro[0m:[93m121[0m:[93m33[0m - [93mwarning[0m[90m ts(6387): [0mThe signature '(commandId: string, showUI?: boolean | undefined, value?: string | undefined): boolean' of 'document.execCommand' is deprecated.

[7m121[0m         const copied = document.execCommand('copy');
[7m   [0m [93m                                ~~~~~~~~~~~[0m

Result (80 files): 
- 5 errors
- 0 warnings
- 6 hints

